<!DOCTYPE html>
<html lang="en">
<head>
<meta http-equiv="Content-Type" content="text/html; charset=UTF-8">
    <meta charset="UTF-8">
    <title>Some Title</title>
    <script>function foo() {}
</script>
    
<style>.foo { color: red; }
</style>
</head>
<body>
  <h1>Some Content</h1>
</body>
</html>
